// Jest Snapshot v1, https://goo.gl/fbAQLP

exports[`#SearchSuggestionComponent Should take the snapshot of the component 1`] = `
<div
  className="suggestion-items"
/>
`;
